// Jest Snapshot v1, https://goo.gl/fbAQLP

exports[`CalendarTagTwoStep should render with default styles 1`] = `
.circuit-1 {
  position: relative;
}

.circuit-0 {
  font-size: 16px;
  line-height: 24px;
  display: -webkit-inline-box;
  display: -webkit-inline-flex;
  display: -ms-inline-flexbox;
  display: inline-flex;
  -webkit-align-items: center;
  -webkit-box-align: center;
  -ms-flex-align: center;
  align-items: center;
  margin: 0;
  word-break: break-word;
  border: 1px solid #CCC;
  border-radius: 8px;
  padding: calc(4px - 1px) 12px;
  cursor: default;
  background-color: #FFF;
  -webkit-transition: opacity 120ms ease-in-out,color 120ms ease-in-out,background-color 120ms ease-in-out,border-color 120ms ease-in-out;
  transition: opacity 120ms ease-in-out,color 120ms ease-in-out,background-color 120ms ease-in-out,border-color 120ms ease-in-out;
  cursor: pointer;
  outline: 0;
  text-align: left;
}

.circuit-0:active {
  color: #1A1A1A;
}

.circuit-0:hover {
  background-color: #E6E6E6;
  border-color: #999;
}

.circuit-0:focus {
  outline: 0;
  box-shadow: 0 0 0 4px #AFD0FE;
}

.circuit-0:focus::-moz-focus-inner {
  border: 0;
}

.circuit-0:focus:not(:focus-visible) {
  box-shadow: none;
}

<div>
  <div
    class="circuit-1"
  >
    <button
      class="circuit-0"
      type="button"
    >
      Dates
    </button>
  </div>
</div>
`;
