// Jest Snapshot v1, https://goo.gl/fbAQLP

exports[`Title styles should render with default styles 1`] = `
.circuit-0 {
  font-size: 17px;
  line-height: 24px;
  font-weight: 700;
  color: #F5F5F5;
  margin-left: 16px;
}

<h1
  class="circuit-0 circuit-1"
>
  Title
</h1>
`;
