// Jest Snapshot v1, https://goo.gl/fbAQLP

exports[`PaymentMethodIcon should render with default styles 1`] = `
.circuit-1 {
  height: 16px;
  width: auto;
  max-width: 56px;
}

.circuit-0 {
  width: auto;
  max-width: 100%;
  height: 100%;
  display: inline-block;
  line-height: 0;
}

<div
  class="circuit-1 circuit-2"
>
  <div
    aria-label="icon visa"
    class="circuit-0"
    role="img"
  >
    visa.svg
  </div>
</div>
`;
