// Vitest Snapshot v1, https://vitest.dev/guide/snapshot.html

exports[`Status > styles > should render with default styles 1`] = `
.circuit-0 {
  font-weight: 400;
  font-size: 1rem;
  line-height: 1.5rem;
  font-weight: 700;
}

@media (max-width: 479px) {
  .circuit-0 {
    font-size: 0.875rem;
    line-height: 1.25rem;
  }
}

<div>
  <strong
    class="circuit-0"
  >
    2
     / 
    3
  </strong>
</div>
`;
