// Jest Snapshot v1, https://goo.gl/fbAQLP

exports[`RangePicker should render with default styles 1`] = `
.circuit-0 {
  color: var(--cui-fg-normal);
}

<div>
  <div>
    <div
      class="DateRangePicker DateRangePicker_1"
    >
      <div>
        <div
          class="DateRangePickerInput DateRangePickerInput_1 DateRangePickerInput__withBorder DateRangePickerInput__withBorder_2"
        >
          <div
            class="DateInput DateInput_1"
          >
            <input
              aria-describedby="DateInput__screen-reader-message-startDate"
              aria-label="Start Date"
              autocomplete="off"
              class="DateInput_input DateInput_input_1"
              id="startDate"
              name="startDate"
              placeholder="Start Date"
              type="text"
              value=""
            />
            <p
              class="DateInput_screenReaderMessage DateInput_screenReaderMessage_1"
              id="DateInput__screen-reader-message-startDate"
            >
              Navigate forward to interact with the calendar and select a date. Press the question mark key to get the keyboard shortcuts for changing dates.
            </p>
          </div>
          <div
            aria-hidden="true"
            class="DateRangePickerInput_arrow DateRangePickerInput_arrow_1"
            role="presentation"
          >
            <svg
              class="circuit-0 circuit-1"
              fill="none"
              height="24"
              viewBox="0 0 24 24"
              width="24"
              xmlns="http://www.w3.org/2000/svg"
            >
              <path
                d="M23 12c0 .265-.104.52-.29.71l-9 9c-.19.186-.445.29-.71.29a1 1 0 0 1-1-1c0-.265.104-.52.29-.71l7.3-7.29H2a1 1 0 0 1 0-2h17.59l-7.3-7.29A1.013 1.013 0 0 1 12 3a1 1 0 0 1 1-1c.265 0 .52.104.71.29l9 9c.186.19.29.445.29.71z"
                fill="currentColor"
              />
            </svg>
          </div>
          <div
            class="DateInput DateInput_1"
          >
            <input
              aria-describedby="DateInput__screen-reader-message-endDate"
              aria-label="End Date"
              autocomplete="off"
              class="DateInput_input DateInput_input_1"
              id="endDate"
              name="endDate"
              placeholder="End Date"
              type="text"
              value=""
            />
            <p
              class="DateInput_screenReaderMessage DateInput_screenReaderMessage_1"
              id="DateInput__screen-reader-message-endDate"
            >
              Navigate backward to interact with the calendar and select a date. Press the question mark key to get the keyboard shortcuts for changing dates.
            </p>
          </div>
        </div>
      </div>
    </div>
  </div>
</div>
`;
