// Jest Snapshot v1, https://goo.gl/fbAQLP

exports[`CloseButton should render with default styles 1`] = `
.circuit-1 {
  display: -webkit-box;
  display: -webkit-flex;
  display: -ms-flexbox;
  display: flex;
  -webkit-align-items: center;
  -webkit-box-align: center;
  -ms-flex-align: center;
  align-items: center;
  -webkit-box-pack: center;
  -webkit-justify-content: center;
  -ms-flex-pack: center;
  justify-content: center;
  width: auto;
  height: auto;
  cursor: pointer;
  font-size: 16px;
  line-height: 24px;
  text-align: center;
  -webkit-text-decoration: none;
  text-decoration: none;
  font-weight: 700;
  border-width: 1px;
  border-style: solid;
  -webkit-transition: opacity 120ms ease-in-out, color 120ms ease-in-out, background-color 120ms ease-in-out, border-color 120ms ease-in-out;
  transition: opacity 120ms ease-in-out, color 120ms ease-in-out, background-color 120ms ease-in-out, border-color 120ms ease-in-out;
  background-color: #FFFFFF;
  border-color: #9DA7B1;
  color: #323E49;
  padding: 8px calc(24px - 1px);
  border-radius: 8px;
  border: 0;
}

.circuit-1:focus {
  outline: 0;
  box-shadow: 0 0 0 4px #AFD0FE;
}

.circuit-1:focus::-moz-focus-inner {
  border: 0;
}

.circuit-1:disabled,
.circuit-1[disabled] {
  opacity: 0.5;
  pointer-events: none;
  box-shadow: none;
}

.circuit-1:hover {
  background-color: #FAFBFC;
  border-color: #5C656F;
}

.circuit-1:active {
  background-color: #EEF0F2;
  border-color: #323E49;
}

.circuit-0 {
  border: 0;
  -webkit-clip: rect(0 0 0 0);
  clip: rect(0 0 0 0);
  height: 1px;
  margin: -1px;
  overflow: hidden;
  padding: 0;
  position: absolute;
  white-space: nowrap;
  width: 1px;
}

<button
  class="circuit-1"
  title="Close"
>
  <svg
    fill="none"
    height="16"
    role="presentation"
    viewBox="0 0 16 16"
    width="16"
    xmlns="http://www.w3.org/2000/svg"
  >
    <path
      d="M3 3l10 10m0-10L3 13"
      stroke="currentColor"
      stroke-linecap="round"
      stroke-width="2"
    />
  </svg>
  <span
    class="circuit-0"
  >
    Close
  </span>
</button>
`;
