// Jest Snapshot v1, https://goo.gl/fbAQLP

exports[`DesktopSidePanel should match the snapshot 1`] = `
.circuit-0 {
  height: 100%;
}

.circuit-1 {
  height: 100%;
  outline: none;
  background-color: var(--cui-bg-normal);
  box-shadow: inset 1px 0px 0px var(--cui-border-divider);
  -webkit-transform: translateX(100%);
  -moz-transform: translateX(100%);
  -ms-transform: translateX(100%);
  transform: translateX(100%);
  -webkit-transition: -webkit-transform 200ms ease-in-out;
  transition: transform 200ms ease-in-out;
}

<body
  class="ReactModal__Body--open"
>
  <div
    data-react-modal-body-trap=""
    style="position: absolute; opacity: 0;"
    tabindex="0"
  />
  <div />
  <div
    data-react-modal-body-trap=""
    style="position: absolute; opacity: 0;"
    tabindex="0"
  />
  <div
    class="ReactModalPortal"
  >
    <div
      class="ReactModal__Overlay circuit-0"
    >
      <div
        aria-modal="true"
        class="circuit-1"
        role="dialog"
        tabindex="-1"
      />
    </div>
  </div>
</body>
`;
