// Jest Snapshot v1, https://goo.gl/fbAQLP

exports[`Buttons styles should render with default styles 1`] = `
.circuit-16 {
  display: -webkit-box;
  display: -webkit-flex;
  display: -ms-flexbox;
  display: flex;
  -webkit-align-items: center;
  -webkit-box-align: center;
  -ms-flex-align: center;
  align-items: center;
  -webkit-box-pack: center;
  -webkit-justify-content: center;
  -ms-flex-pack: center;
  justify-content: center;
}

.circuit-3 {
  display: -webkit-box;
  display: -webkit-flex;
  display: -ms-flexbox;
  display: flex;
  -webkit-align-items: center;
  -webkit-box-align: center;
  -ms-flex-align: center;
  align-items: center;
  -webkit-box-pack: center;
  -webkit-justify-content: center;
  -ms-flex-pack: center;
  justify-content: center;
  width: auto;
  height: auto;
  cursor: pointer;
  font-size: 16px;
  line-height: 24px;
  text-align: center;
  -webkit-text-decoration: none;
  text-decoration: none;
  font-weight: 700;
  border-radius: 5px;
  border-width: 1px;
  border-style: solid;
  background-color: #3388FF;
  border-color: #3388FF;
  color: #FFFFFF;
  padding: 8px calc(24px - 1px);
  background-color: #D8DDE1;
  width: 32px;
  height: 32px;
  padding: 0;
  overflow: hidden;
  border-radius: 50%;
  margin-left: 8px;
}

.circuit-3:focus {
  outline: 0;
  box-shadow: 0 0 0 4px #AFD0FE;
}

.circuit-3:focus::-moz-focus-inner {
  border: 0;
}

.circuit-3:disabled,
.circuit-3[disabled] {
  opacity: 0.5;
  pointer-events: none;
  box-shadow: none;
}

.circuit-3:hover {
  background-color: #1760CE;
  border-color: #1760CE;
}

.circuit-3:active {
  background-color: #003C8B;
  border-color: #003C8B;
}

.circuit-3:first-of-type {
  margin-left: 0;
}

.circuit-3:active,
.circuit-3:focus,
.circuit-3:hover {
  padding: 0;
}

@media (max-width:479px) {
  .circuit-3 {
    width: 24px;
    height: 24px;
  }

  .circuit-3 svg {
    width: 25%;
  }
}

.circuit-0 {
  display: -webkit-box;
  display: -webkit-flex;
  display: -ms-flexbox;
  display: flex;
  -webkit-box-pack: center;
  -webkit-justify-content: center;
  -ms-flex-pack: center;
  justify-content: center;
  -webkit-align-items: center;
  -webkit-box-align: center;
  -ms-flex-align: center;
  align-items: center;
}

<div
  class="circuit-16 circuit-17"
>
  <button
    aria-label="pause"
    class="circuit-2 circuit-3"
  >
    <div
      class="circuit-0 circuit-1"
    >
      <svg
        fill="none"
        height="24"
        viewBox="0 0 24 24"
        width="24"
        xmlns="http://www.w3.org/2000/svg"
      >
        <path
          d="M8.5 7v10M15.5 7v10"
          stroke="currentColor"
          stroke-linecap="round"
          stroke-width="2"
        />
      </svg>
    </div>
  </button>
  <button
    aria-label="play"
    class="circuit-2 circuit-3"
  >
    <div
      class="circuit-0 circuit-1"
    >
      <svg
        fill="none"
        height="24"
        viewBox="0 0 24 24"
        width="24"
        xmlns="http://www.w3.org/2000/svg"
      >
        <path
          d="M17 12l-9 5V7l9 5z"
          stroke="currentColor"
          stroke-linecap="round"
          stroke-linejoin="round"
          stroke-width="2"
        />
      </svg>
    </div>
  </button>
  <button
    aria-label="previous"
    class="circuit-2 circuit-3"
  >
    <div
      class="circuit-0 circuit-1"
    >
      <svg
        fill="none"
        height="24"
        viewBox="0 0 24 24"
        width="24"
        xmlns="http://www.w3.org/2000/svg"
      >
        <path
          d="M14 8l-4 4 4 4"
          stroke="currentColor"
          stroke-linecap="round"
          stroke-linejoin="round"
          stroke-width="2"
        />
      </svg>
    </div>
  </button>
  <button
    aria-label="next"
    class="circuit-2 circuit-3"
  >
    <div
      class="circuit-0 circuit-1"
    >
      <svg
        fill="none"
        height="24"
        viewBox="0 0 24 24"
        width="24"
        xmlns="http://www.w3.org/2000/svg"
      >
        <path
          d="M10 16l4-4-4-4"
          stroke="currentColor"
          stroke-linecap="round"
          stroke-linejoin="round"
          stroke-width="2"
        />
      </svg>
    </div>
  </button>
</div>
`;
