// Jest Snapshot v1, https://goo.gl/fbAQLP

exports[`InputWrapper should have it's base styles 1`] = `
.circuit-0 {
  display: inline-block;
  position: relative;
}

<div
  className="circuit-0"
/>
`;
