// Jest Snapshot v1, https://goo.gl/fbAQLP

exports[`SideNav rendered styles should render with default styles 1`] = `
.circuit-4 {
  background-color: #212933;
  padding: 12px;
  width: 270px;
}

.circuit-2 {
  list-style: none;
}

.circuit-0:not(:last-of-type) {
  margin-bottom: 16px;
}

<nav
  className="circuit-4 circuit-5"
>
  <ul
    className="circuit-2 circuit-3"
  >
    <li
      className="circuit-0 circuit-1"
    >
      <span>
        One
      </span>
    </li>
  </ul>
</nav>
`;
