// Jest Snapshot v1, https://goo.gl/fbAQLP

exports[`UtilityLinks styles should match the snapshot 1`] = `
.circuit-3 {
  display: -webkit-box;
  display: -webkit-flex;
  display: -ms-flexbox;
  display: flex;
  -webkit-align-items: center;
  -webkit-box-align: center;
  -ms-flex-align: center;
  align-items: center;
}

@media (max-width:767px) {
  .circuit-3::after {
    content: '';
    display: block;
    height: 20px;
    width: 1px;
    margin-right: 4px;
    background-color: #CCC;
  }
}

.circuit-2 {
  display: -webkit-box;
  display: -webkit-flex;
  display: -ms-flexbox;
  display: flex;
  -webkit-align-items: center;
  -webkit-box-align: center;
  -ms-flex-align: center;
  align-items: center;
  border: none;
  outline: none;
  border-radius: 8px;
  color: #1A1A1A;
  background-color: #FFF;
  text-align: left;
  cursor: pointer;
  -webkit-transition: color 120ms ease-in-out,background-color 120ms ease-in-out;
  transition: color 120ms ease-in-out,background-color 120ms ease-in-out;
  -webkit-text-decoration: none;
  text-decoration: none;
  margin-right: 4px;
  padding: 8px;
}

.circuit-2:hover {
  background-color: #F5F5F5;
}

.circuit-2:active {
  background-color: #E6E6E6;
}

.circuit-2:focus {
  outline: 0;
  box-shadow: inset 0 0 0 4px #AFD0FE;
}

.circuit-2:focus::-moz-focus-inner {
  border: 0;
}

.circuit-2:disabled {
  opacity: 0.5;
  pointer-events: none;
  box-shadow: none;
}

@media (min-width:768px) {
  .circuit-2 {
    padding: 12px 16px;
  }
}

.circuit-0 {
  -webkit-flex-shrink: 0;
  -ms-flex-negative: 0;
  flex-shrink: 0;
  width: 24px;
  height: 24px;
}

@media (min-width:768px) {
  .circuit-0 {
    margin-right: 8px;
  }
}

.circuit-1 {
  font-weight: 400;
  margin-bottom: 16px;
  font-size: 16px;
  line-height: 24px;
  margin-bottom: 0;
}

@media (max-width:767px) {
  .circuit-1 {
    border: 0;
    -webkit-clip: rect(0 0 0 0);
    clip: rect(0 0 0 0);
    height: 1px;
    margin: -1px;
    overflow: hidden;
    padding: 0;
    position: absolute;
    white-space: nowrap;
    width: 1px;
  }
}

<div>
  <div
    class="circuit-3"
  >
    <a
      class="circuit-2"
      href="/more"
    >
      <svg
        class="circuit-0"
        fill="none"
        height="24"
        role="presentation"
        viewBox="0 0 24 24"
        width="24"
        xmlns="http://www.w3.org/2000/svg"
      >
        <path
          d="M12 21a9 9 0 100-18 9 9 0 000 18z"
          stroke="currentColor"
          stroke-linecap="round"
          stroke-linejoin="round"
          stroke-width="2"
        />
        <circle
          cx="12"
          cy="11.5"
          r=".5"
          stroke="currentColor"
          stroke-miterlimit="16"
        />
        <circle
          r="1"
          stroke="currentColor"
          stroke-miterlimit="16"
          transform="matrix(-1 0 0 1 12 12)"
        />
        <circle
          cx="16"
          cy="11.5"
          r=".5"
          stroke="currentColor"
          stroke-miterlimit="16"
        />
        <circle
          r="1"
          stroke="currentColor"
          stroke-miterlimit="16"
          transform="matrix(-1 0 0 1 16 12)"
        />
        <circle
          cx="8"
          cy="11.5"
          r=".5"
          stroke="currentColor"
          stroke-miterlimit="16"
        />
        <circle
          r="1"
          stroke="currentColor"
          stroke-miterlimit="16"
          transform="matrix(-1 0 0 1 8 12)"
        />
      </svg>
      <p
        class="circuit-1"
      >
        More
      </p>
    </a>
  </div>
</div>
`;
