// Jest Snapshot v1, https://goo.gl/fbAQLP

exports[`Blockquote should render with default styles 1`] = `
.circuit-0 {
  font-weight: 400;
  margin-bottom: 16px;
  font-size: 16px;
  line-height: 24px;
  font-style: italic;
  padding-left: 12px;
  border-left: 2px solid #3388FF;
}

@media (min-width:480px) {
  .circuit-0 {
    font-size: 16px;
    line-height: 24px;
  }
}

<blockquote
  class="circuit-0"
>
  The ability to accept credit card payments that are EMV-compliant is essentially an insurance policy against fraud and an impressively economical one at that.
</blockquote>
`;

exports[`Blockquote should render with giga styles 1`] = `
.circuit-0 {
  font-weight: 400;
  margin-bottom: 16px;
  font-size: 16px;
  line-height: 24px;
  font-style: italic;
  padding-left: 12px;
  border-left: 2px solid #3388FF;
  padding-left: 16px;
  border-left: 3px solid #3388FF;
}

@media (min-width:480px) {
  .circuit-0 {
    font-size: 18px;
    line-height: 28px;
  }
}

<blockquote
  class="circuit-0"
>
  The ability to accept credit card payments that are EMV-compliant is essentially an insurance policy against fraud and an impressively economical one at that.
</blockquote>
`;

exports[`Blockquote should render with kilo styles 1`] = `
.circuit-0 {
  font-weight: 400;
  margin-bottom: 16px;
  font-size: 13px;
  line-height: 20px;
  font-style: italic;
  padding-left: 12px;
  border-left: 2px solid #3388FF;
}

@media (min-width:480px) {
  .circuit-0 {
    font-size: 13px;
    line-height: 20px;
  }
}

<blockquote
  class="circuit-0"
>
  The ability to accept credit card payments that are EMV-compliant is essentially an insurance policy against fraud and an impressively economical one at that.
</blockquote>
`;
