// Jest Snapshot v1, https://goo.gl/fbAQLP

exports[`IconButton should render with the default styles 1`] = `
.circuit-1 {
  display: -webkit-box;
  display: -webkit-flex;
  display: -ms-flexbox;
  display: flex;
  -webkit-align-items: center;
  -webkit-box-align: center;
  -ms-flex-align: center;
  align-items: center;
  -webkit-box-pack: center;
  -webkit-justify-content: center;
  -ms-flex-pack: center;
  justify-content: center;
  width: auto;
  height: auto;
  cursor: pointer;
  font-size: 16px;
  line-height: 24px;
  text-align: center;
  -webkit-text-decoration: none;
  text-decoration: none;
  font-weight: 700;
  border-radius: 5px;
  border-width: 1px;
  border-style: solid;
  -webkit-transition: opacity 200ms ease-in-out;
  transition: opacity 200ms ease-in-out;
  background-color: #FFFFFF;
  border-color: #9DA7B1;
  color: #323E49;
  padding: 8px calc(24px - 1px);
}

.circuit-1:focus {
  outline: 0;
  box-shadow: 0 0 0 4px #AFD0FE;
}

.circuit-1:focus::-moz-focus-inner {
  border: 0;
}

.circuit-1:disabled,
.circuit-1[disabled] {
  opacity: 0.5;
  pointer-events: none;
  box-shadow: none;
}

.circuit-1:hover {
  background-color: #FAFBFC;
  border-color: #5C656F;
}

.circuit-1:active {
  background-color: #EEF0F2;
  border-color: #5C656F;
}

.circuit-0 {
  border: 0;
  -webkit-clip: rect(0 0 0 0);
  clip: rect(0 0 0 0);
  height: 1px;
  margin: -1px;
  overflow: hidden;
  padding: 0;
  position: absolute;
  white-space: nowrap;
  width: 1px;
}

<button
  class="circuit-1"
  title="A fake SVG"
>
  <div
    role="presentation"
  >
    SVG here
  </div>
  <span
    class="circuit-0"
  >
    A fake SVG
  </span>
</button>
`;
