// Jest Snapshot v1, https://goo.gl/fbAQLP

exports[`NotificationCard should render with default styles 1`] = `
.circuit-0 {
  width: 100%;
  background-color: #FFF;
  border-radius: 16px;
  box-shadow: 0 3px 8px 0 rgba(0, 0, 0, 0.2);
}

.circuit-1 {
  padding: 16px 24px;
}

<div
  aria-live="polite"
  class="circuit-0"
  role="status"
>
  <div
    class="circuit-1"
  >
    <p>
      This is a notification.
    </p>
  </div>
</div>
`;
