// Jest Snapshot v1, https://goo.gl/fbAQLP

exports[`Footer styles should render with default styles 1`] = `
.circuit-0 {
  margin-top: auto;
  padding: 24px;
  background-color: #212933;
  color: #FAFBFC;
}

<footer
  class="circuit-0 circuit-1"
/>
`;
