// Jest Snapshot v1, https://goo.gl/fbAQLP

exports[`<Sidebar /> should render and match snapshot when open 1`] = `
HTMLCollection [
  .circuit-0 {
  display: -webkit-box;
  display: -webkit-flex;
  display: -ms-flexbox;
  display: flex;
  -webkit-flex-direction: column;
  -ms-flex-direction: column;
  flex-direction: column;
  height: 100%;
  min-width: 256px;
  background-color: #212933;
  -webkit-transition: -webkit-transform 200ms ease-in-out;
  -webkit-transition: transform 200ms ease-in-out;
  transition: transform 200ms ease-in-out;
  position: absolute;
  -webkit-transform: translateX(-100%);
  -ms-transform: translateX(-100%);
  transform: translateX(-100%);
  z-index: 800;
  -webkit-transform: translateX(0);
  -ms-transform: translateX(0);
  transform: translateX(0);
}

@media (min-width:960px) {
  .circuit-0 {
    -webkit-transform: translateX(0);
    -ms-transform: translateX(0);
    transform: translateX(0);
    position: relative;
  }
}

@media (min-width:960px) {
  .circuit-0 {
    -webkit-transform: translateX(0);
    -ms-transform: translateX(0);
    transform: translateX(0);
  }
}

<nav
    class="circuit-0 circuit-1"
    open=""
  />,
  .circuit-0 {
  width: 100%;
  height: 100%;
  position: absolute;
  background-color: #212933;
  -webkit-transition: opacity 200ms ease-in-out,visibility 200ms ease-in-out;
  transition: opacity 200ms ease-in-out,visibility 200ms ease-in-out;
  visibility: hidden;
  opacity: 0;
  z-index: 700;
  visibility: visible;
  opacity: 0.56;
}

@media (min-width:960px) {
  .circuit-0 {
    visibility: hidden;
  }
}

<div
    class="circuit-0 circuit-1"
    data-testid="sidebar-backdrop"
  />,
  .circuit-0 {
  border: 0;
  -webkit-clip: rect(0 0 0 0);
  clip: rect(0 0 0 0);
  height: 1px;
  margin: -1px;
  overflow: hidden;
  padding: 0;
  position: absolute;
  white-space: nowrap;
  width: 1px;
}

.circuit-2 {
  display: -webkit-box;
  display: -webkit-flex;
  display: -ms-flexbox;
  display: flex;
  -webkit-align-items: center;
  -webkit-box-align: center;
  -ms-flex-align: center;
  align-items: center;
  -webkit-box-pack: center;
  -webkit-justify-content: center;
  -ms-flex-pack: center;
  justify-content: center;
  width: auto;
  height: auto;
  cursor: pointer;
  font-size: 16px;
  line-height: 24px;
  text-align: center;
  -webkit-text-decoration: none;
  text-decoration: none;
  font-weight: 700;
  border-radius: 5px;
  border-width: 1px;
  border-style: solid;
  -webkit-transition: opacity 200ms ease-in-out;
  transition: opacity 200ms ease-in-out;
  background-color: #FFFFFF;
  border-color: #9DA7B1;
  color: #323E49;
  padding: 8px calc(24px - 1px);
  border: 0;
  border-radius: 100%;
  position: absolute;
  bottom: 16px;
  right: 16px;
  -webkit-transition: opacity 150ms ease-in-out,visibility 150ms ease-in-out;
  transition: opacity 150ms ease-in-out,visibility 150ms ease-in-out;
  visibility: hidden;
  opacity: 0;
  z-index: 800;
  visibility: visible;
  opacity: 1;
}

.circuit-2:focus {
  outline: 0;
  box-shadow: 0 0 0 4px #AFD0FE;
}

.circuit-2:focus::-moz-focus-inner {
  border: 0;
}

.circuit-2:disabled,
.circuit-2[disabled] {
  opacity: 0.5;
  pointer-events: none;
  box-shadow: none;
}

.circuit-2:hover {
  background-color: #FAFBFC;
  border-color: #5C656F;
}

.circuit-2:active {
  background-color: #EEF0F2;
  border-color: #5C656F;
}

@media (min-width:960px) {
  .circuit-2 {
    visibility: hidden;
  }
}

<button
    class="circuit-1 circuit-2"
    data-testid="sidebar-close-button"
    title="Close"
  >
    <svg
      fill="none"
      height="24"
      role="presentation"
      viewBox="0 0 24 24"
      width="24"
      xmlns="http://www.w3.org/2000/svg"
    >
      <path
        d="M7 7l10 10m0-10L7 17"
        stroke="currentColor"
        stroke-linecap="round"
        stroke-width="2"
      />
    </svg>
    <span
      class="circuit-0"
    >
      Close
    </span>
  </button>,
]
`;

exports[`<Sidebar /> should render and match the snapshot when closed 1`] = `
HTMLCollection [
  .circuit-0 {
  display: -webkit-box;
  display: -webkit-flex;
  display: -ms-flexbox;
  display: flex;
  -webkit-flex-direction: column;
  -ms-flex-direction: column;
  flex-direction: column;
  height: 100%;
  min-width: 256px;
  background-color: #212933;
  -webkit-transition: -webkit-transform 200ms ease-in-out;
  -webkit-transition: transform 200ms ease-in-out;
  transition: transform 200ms ease-in-out;
  position: absolute;
  -webkit-transform: translateX(-100%);
  -ms-transform: translateX(-100%);
  transform: translateX(-100%);
  z-index: 800;
}

@media (min-width:960px) {
  .circuit-0 {
    -webkit-transform: translateX(0);
    -ms-transform: translateX(0);
    transform: translateX(0);
    position: relative;
  }
}

<nav
    class="circuit-0 circuit-1"
  />,
  .circuit-0 {
  width: 100%;
  height: 100%;
  position: absolute;
  background-color: #212933;
  -webkit-transition: opacity 200ms ease-in-out,visibility 200ms ease-in-out;
  transition: opacity 200ms ease-in-out,visibility 200ms ease-in-out;
  visibility: hidden;
  opacity: 0;
  z-index: 700;
}

@media (min-width:960px) {
  .circuit-0 {
    visibility: hidden;
  }
}

<div
    class="circuit-0 circuit-1"
    data-testid="sidebar-backdrop"
  />,
  .circuit-2 {
  display: -webkit-box;
  display: -webkit-flex;
  display: -ms-flexbox;
  display: flex;
  -webkit-align-items: center;
  -webkit-box-align: center;
  -ms-flex-align: center;
  align-items: center;
  -webkit-box-pack: center;
  -webkit-justify-content: center;
  -ms-flex-pack: center;
  justify-content: center;
  width: auto;
  height: auto;
  cursor: pointer;
  font-size: 16px;
  line-height: 24px;
  text-align: center;
  -webkit-text-decoration: none;
  text-decoration: none;
  font-weight: 700;
  border-radius: 5px;
  border-width: 1px;
  border-style: solid;
  -webkit-transition: opacity 200ms ease-in-out;
  transition: opacity 200ms ease-in-out;
  background-color: #FFFFFF;
  border-color: #9DA7B1;
  color: #323E49;
  padding: 8px calc(24px - 1px);
  border: 0;
  border-radius: 100%;
  position: absolute;
  bottom: 16px;
  right: 16px;
  -webkit-transition: opacity 150ms ease-in-out,visibility 150ms ease-in-out;
  transition: opacity 150ms ease-in-out,visibility 150ms ease-in-out;
  visibility: hidden;
  opacity: 0;
  z-index: 800;
}

.circuit-2:focus {
  outline: 0;
  box-shadow: 0 0 0 4px #AFD0FE;
}

.circuit-2:focus::-moz-focus-inner {
  border: 0;
}

.circuit-2:disabled,
.circuit-2[disabled] {
  opacity: 0.5;
  pointer-events: none;
  box-shadow: none;
}

.circuit-2:hover {
  background-color: #FAFBFC;
  border-color: #5C656F;
}

.circuit-2:active {
  background-color: #EEF0F2;
  border-color: #5C656F;
}

@media (min-width:960px) {
  .circuit-2 {
    visibility: hidden;
  }
}

.circuit-0 {
  border: 0;
  -webkit-clip: rect(0 0 0 0);
  clip: rect(0 0 0 0);
  height: 1px;
  margin: -1px;
  overflow: hidden;
  padding: 0;
  position: absolute;
  white-space: nowrap;
  width: 1px;
}

<button
    class="circuit-1 circuit-2"
    data-testid="sidebar-close-button"
    title="Close"
  >
    <svg
      fill="none"
      height="24"
      role="presentation"
      viewBox="0 0 24 24"
      width="24"
      xmlns="http://www.w3.org/2000/svg"
    >
      <path
        d="M7 7l10 10m0-10L7 17"
        stroke="currentColor"
        stroke-linecap="round"
        stroke-width="2"
      />
    </svg>
    <span
      class="circuit-0"
    >
      Close
    </span>
  </button>,
]
`;
