// Jest Snapshot v1, https://goo.gl/fbAQLP

exports[`RadioButton should render with checked styles 1`] = `
HTMLCollection [
  .circuit-0 {
  border: 0;
  -webkit-clip: rect(0 0 0 0);
  clip: rect(0 0 0 0);
  height: 1px;
  margin: -1px;
  overflow: hidden;
  padding: 0;
  position: absolute;
  white-space: nowrap;
  width: 1px;
}

.circuit-0:hover + label::before {
  border-color: #5C656F;
}

.circuit-0:focus + label::before {
  outline: 0;
  box-shadow: 0 0 0 4px #AFD0FE;
}

.circuit-0:focus + label::before::-moz-focus-inner {
  border: 0;
}

.circuit-0:checked + label::before {
  border-color: #3388FF;
}

.circuit-0:checked + label::after {
  -webkit-transform: translateY(-50%) scale(1,1);
  -ms-transform: translateY(-50%) scale(1,1);
  transform: translateY(-50%) scale(1,1);
  opacity: 1;
}

<input
    checked=""
    class="circuit-0"
    id="radio-button_2"
    type="radio"
    value=""
  />,
  .circuit-0 {
  color: #5C656F;
  padding-left: 26px;
  position: relative;
  cursor: pointer;
}

.circuit-0::before {
  box-sizing: border-box;
  height: 18px;
  width: 18px;
  box-shadow: 0;
  background-color: #FFFFFF;
  border: 1px solid #9DA7B1;
  border-radius: 100%;
  content: '';
  display: block;
  position: absolute;
  top: 50%;
  left: 0;
  -webkit-transform: translateY(-50%);
  -ms-transform: translateY(-50%);
  transform: translateY(-50%);
  -webkit-transition: border 120ms ease-in-out;
  transition: border 120ms ease-in-out;
}

.circuit-0::after {
  box-sizing: border-box;
  height: 10px;
  width: 10px;
  background-color: #3388FF;
  border-radius: 100%;
  content: '';
  display: block;
  position: absolute;
  top: 50%;
  left: 4px;
  -webkit-transform: translateY(-50%) scale(0,0);
  -ms-transform: translateY(-50%) scale(0,0);
  transform: translateY(-50%) scale(0,0);
  opacity: 0;
  -webkit-transition: -webkit-transform 120ms ease-in-out, opacity 120ms ease-in-out;
  -webkit-transition: transform 120ms ease-in-out, opacity 120ms ease-in-out;
  transition: transform 120ms ease-in-out, opacity 120ms ease-in-out;
}

<label
    class="circuit-0"
    for="radio-button_2"
  />,
]
`;

exports[`RadioButton should render with default styles 1`] = `
HTMLCollection [
  .circuit-0 {
  border: 0;
  -webkit-clip: rect(0 0 0 0);
  clip: rect(0 0 0 0);
  height: 1px;
  margin: -1px;
  overflow: hidden;
  padding: 0;
  position: absolute;
  white-space: nowrap;
  width: 1px;
}

.circuit-0:hover + label::before {
  border-color: #5C656F;
}

.circuit-0:focus + label::before {
  outline: 0;
  box-shadow: 0 0 0 4px #AFD0FE;
}

.circuit-0:focus + label::before::-moz-focus-inner {
  border: 0;
}

.circuit-0:checked + label::before {
  border-color: #3388FF;
}

.circuit-0:checked + label::after {
  -webkit-transform: translateY(-50%) scale(1,1);
  -ms-transform: translateY(-50%) scale(1,1);
  transform: translateY(-50%) scale(1,1);
  opacity: 1;
}

<input
    class="circuit-0"
    id="radio-button_1"
    type="radio"
    value=""
  />,
  .circuit-0 {
  color: #5C656F;
  padding-left: 26px;
  position: relative;
  cursor: pointer;
}

.circuit-0::before {
  box-sizing: border-box;
  height: 18px;
  width: 18px;
  box-shadow: 0;
  background-color: #FFFFFF;
  border: 1px solid #9DA7B1;
  border-radius: 100%;
  content: '';
  display: block;
  position: absolute;
  top: 50%;
  left: 0;
  -webkit-transform: translateY(-50%);
  -ms-transform: translateY(-50%);
  transform: translateY(-50%);
  -webkit-transition: border 120ms ease-in-out;
  transition: border 120ms ease-in-out;
}

.circuit-0::after {
  box-sizing: border-box;
  height: 10px;
  width: 10px;
  background-color: #3388FF;
  border-radius: 100%;
  content: '';
  display: block;
  position: absolute;
  top: 50%;
  left: 4px;
  -webkit-transform: translateY(-50%) scale(0,0);
  -ms-transform: translateY(-50%) scale(0,0);
  transform: translateY(-50%) scale(0,0);
  opacity: 0;
  -webkit-transition: -webkit-transform 120ms ease-in-out, opacity 120ms ease-in-out;
  -webkit-transition: transform 120ms ease-in-out, opacity 120ms ease-in-out;
  transition: transform 120ms ease-in-out, opacity 120ms ease-in-out;
}

<label
    class="circuit-0"
    for="radio-button_1"
  />,
]
`;

exports[`RadioButton should render with disabled styles 1`] = `
HTMLCollection [
  .circuit-0 {
  border: 0;
  -webkit-clip: rect(0 0 0 0);
  clip: rect(0 0 0 0);
  height: 1px;
  margin: -1px;
  overflow: hidden;
  padding: 0;
  position: absolute;
  white-space: nowrap;
  width: 1px;
}

.circuit-0:hover + label::before {
  border-color: #5C656F;
}

.circuit-0:focus + label::before {
  outline: 0;
  box-shadow: 0 0 0 4px #AFD0FE;
}

.circuit-0:focus + label::before::-moz-focus-inner {
  border: 0;
}

.circuit-0:checked + label::before {
  border-color: #3388FF;
}

.circuit-0:checked + label::after {
  -webkit-transform: translateY(-50%) scale(1,1);
  -ms-transform: translateY(-50%) scale(1,1);
  transform: translateY(-50%) scale(1,1);
  opacity: 1;
}

<input
    class="circuit-0"
    disabled=""
    id="radio-button_3"
    type="radio"
    value=""
  />,
  .circuit-0 {
  color: #5C656F;
  padding-left: 26px;
  position: relative;
  cursor: pointer;
  opacity: 0.5;
  pointer-events: none;
  box-shadow: none;
}

.circuit-0::before {
  box-sizing: border-box;
  height: 18px;
  width: 18px;
  box-shadow: 0;
  background-color: #FFFFFF;
  border: 1px solid #9DA7B1;
  border-radius: 100%;
  content: '';
  display: block;
  position: absolute;
  top: 50%;
  left: 0;
  -webkit-transform: translateY(-50%);
  -ms-transform: translateY(-50%);
  transform: translateY(-50%);
  -webkit-transition: border 120ms ease-in-out;
  transition: border 120ms ease-in-out;
}

.circuit-0::after {
  box-sizing: border-box;
  height: 10px;
  width: 10px;
  background-color: #3388FF;
  border-radius: 100%;
  content: '';
  display: block;
  position: absolute;
  top: 50%;
  left: 4px;
  -webkit-transform: translateY(-50%) scale(0,0);
  -ms-transform: translateY(-50%) scale(0,0);
  transform: translateY(-50%) scale(0,0);
  opacity: 0;
  -webkit-transition: -webkit-transform 120ms ease-in-out, opacity 120ms ease-in-out;
  -webkit-transition: transform 120ms ease-in-out, opacity 120ms ease-in-out;
  transition: transform 120ms ease-in-out, opacity 120ms ease-in-out;
}

.circuit-0::before {
  opacity: 0.5;
  pointer-events: none;
  box-shadow: none;
  border-color: #5C656F;
  background-color: #EEF0F2;
}

.circuit-0::after {
  opacity: 0.5;
  pointer-events: none;
  box-shadow: none;
  background-color: #5C656F;
}

<label
    class="circuit-0"
    disabled=""
    for="radio-button_3"
  />,
]
`;

exports[`RadioButton should render with invalid styles 1`] = `
HTMLCollection [
  .circuit-0 {
  border: 0;
  -webkit-clip: rect(0 0 0 0);
  clip: rect(0 0 0 0);
  height: 1px;
  margin: -1px;
  overflow: hidden;
  padding: 0;
  position: absolute;
  white-space: nowrap;
  width: 1px;
}

.circuit-0:hover + label::before {
  border-color: #5C656F;
}

.circuit-0:focus + label::before {
  outline: 0;
  box-shadow: 0 0 0 4px #AFD0FE;
}

.circuit-0:focus + label::before::-moz-focus-inner {
  border: 0;
}

.circuit-0:checked + label::before {
  border-color: #3388FF;
}

.circuit-0:checked + label::after {
  -webkit-transform: translateY(-50%) scale(1,1);
  -ms-transform: translateY(-50%) scale(1,1);
  transform: translateY(-50%) scale(1,1);
  opacity: 1;
}

.circuit-0:hover + label::before {
  border-color: #B22828;
}

.circuit-0:checked + label::before {
  border-color: #DB4D4D;
}

<input
    class="circuit-0"
    id="radio-button_4"
    type="radio"
    value=""
  />,
  .circuit-0 {
  color: #5C656F;
  padding-left: 26px;
  position: relative;
  cursor: pointer;
}

.circuit-0::before {
  box-sizing: border-box;
  height: 18px;
  width: 18px;
  box-shadow: 0;
  background-color: #FFFFFF;
  border: 1px solid #9DA7B1;
  border-radius: 100%;
  content: '';
  display: block;
  position: absolute;
  top: 50%;
  left: 0;
  -webkit-transform: translateY(-50%);
  -ms-transform: translateY(-50%);
  transform: translateY(-50%);
  -webkit-transition: border 120ms ease-in-out;
  transition: border 120ms ease-in-out;
}

.circuit-0::after {
  box-sizing: border-box;
  height: 10px;
  width: 10px;
  background-color: #3388FF;
  border-radius: 100%;
  content: '';
  display: block;
  position: absolute;
  top: 50%;
  left: 4px;
  -webkit-transform: translateY(-50%) scale(0,0);
  -ms-transform: translateY(-50%) scale(0,0);
  transform: translateY(-50%) scale(0,0);
  opacity: 0;
  -webkit-transition: -webkit-transform 120ms ease-in-out, opacity 120ms ease-in-out;
  -webkit-transition: transform 120ms ease-in-out, opacity 120ms ease-in-out;
  transition: transform 120ms ease-in-out, opacity 120ms ease-in-out;
}

.circuit-0:not(:focus)::before {
  border-color: #DB4D4D;
  background-color: #F4CBCB;
}

.circuit-0:not(:focus)::after {
  background-color: #DB4D4D;
}

<label
    class="circuit-0"
    for="radio-button_4"
  />,
]
`;
