// Vitest Snapshot v1, https://vitest.dev/guide/snapshot.html

exports[`Footer > styles > should render with default styles 1`] = `
.circuit-0 {
  margin-top: auto;
  padding: 24px;
  background-color: #1A1A1A;
  color: #F5F5F5;
}

<footer
  class="circuit-0"
>
  Footer
</footer>
`;
