// Jest Snapshot v1, https://goo.gl/fbAQLP

exports[`Button should render with loading styles 1`] = `
@keyframes animation-0 {
  0% {
    -webkit-transform: rotate(0deg);
    -moz-transform: rotate(0deg);
    -ms-transform: rotate(0deg);
    transform: rotate(0deg);
  }

  100% {
    -webkit-transform: rotate(360deg);
    -moz-transform: rotate(360deg);
    -ms-transform: rotate(360deg);
    transform: rotate(360deg);
  }
}

@keyframes animation-0 {
  0% {
    -webkit-transform: rotate(0deg);
    -moz-transform: rotate(0deg);
    -ms-transform: rotate(0deg);
    transform: rotate(0deg);
  }

  100% {
    -webkit-transform: rotate(360deg);
    -moz-transform: rotate(360deg);
    -ms-transform: rotate(360deg);
    transform: rotate(360deg);
  }
}

.circuit-0 {
  font-size: 1rem;
  line-height: 1.5rem;
  display: -webkit-inline-box;
  display: -webkit-inline-flex;
  display: -ms-inline-flexbox;
  display: inline-flex;
  -webkit-box-pack: center;
  -ms-flex-pack: center;
  -webkit-justify-content: center;
  justify-content: center;
  width: auto;
  height: auto;
  margin: 0;
  cursor: pointer;
  text-align: center;
  -webkit-text-decoration: none;
  text-decoration: none;
  font-weight: 700;
  border-width: 1px;
  border-style: solid;
  border-radius: 999999px;
  -webkit-transition: opacity 120ms ease-in-out,color 120ms ease-in-out,background-color 120ms ease-in-out,border-color 120ms ease-in-out;
  transition: opacity 120ms ease-in-out,color 120ms ease-in-out,background-color 120ms ease-in-out,border-color 120ms ease-in-out;
  background-color: #FFF;
  border-color: #999;
  color: #000;
  padding: calc(12px - 1px) calc(24px - 1px);
  position: relative;
  overflow: hidden;
}

.circuit-0:focus {
  outline: 0;
  box-shadow: 0 0 0 4px #AFD0FE;
}

.circuit-0:focus::-moz-focus-inner {
  border: 0;
}

.circuit-0:focus:not(:focus-visible) {
  box-shadow: none;
}

.circuit-0:disabled,
.circuit-0[disabled] {
  opacity: 0.5;
  pointer-events: none;
  box-shadow: none;
}

.circuit-0:hover {
  background-color: #F5F5F5;
  border-color: #666;
}

.circuit-0:active,
.circuit-0[aria-expanded='true'],
.circuit-0[aria-pressed='true'] {
  background-color: #E6E6E6;
  border-color: #333;
}

.circuit-1 {
  display: block;
  border-radius: 100%;
  border: 2px solid currentColor;
  border-top-color: transparent;
  -webkit-animation: animation-0 1s infinite linear;
  animation: animation-0 1s infinite linear;
  transform-origin: 50% 50%;
  width: 24px;
  height: 24px;
  position: absolute;
  opacity: 0;
  visibility: hidden;
  -webkit-transition: opacity 120ms ease-in-out,visibility 120ms ease-in-out;
  transition: opacity 120ms ease-in-out,visibility 120ms ease-in-out;
  opacity: 1;
  visibility: inherit;
}

.circuit-2 {
  border: 0;
  clip: rect(0 0 0 0);
  height: 1px;
  margin: -1px;
  overflow: hidden;
  padding: 0;
  position: absolute;
  white-space: nowrap;
  width: 1px;
}

.circuit-3 {
  display: -webkit-inline-box;
  display: -webkit-inline-flex;
  display: -ms-inline-flexbox;
  display: inline-flex;
  -webkit-align-items: center;
  -webkit-box-align: center;
  -ms-flex-align: center;
  align-items: center;
  opacity: 1;
  visibility: inherit;
  -webkit-transform: scale3d(1, 1, 1);
  -moz-transform: scale3d(1, 1, 1);
  -ms-transform: scale3d(1, 1, 1);
  transform: scale3d(1, 1, 1);
  -webkit-transition: opacity 120ms ease-in-out,-webkit-transform 120ms ease-in-out,visibility 120ms ease-in-out;
  transition: opacity 120ms ease-in-out,transform 120ms ease-in-out,visibility 120ms ease-in-out;
  opacity: 0;
  visibility: hidden;
  -webkit-transform: scale3d(0, 0, 0);
  -moz-transform: scale3d(0, 0, 0);
  -ms-transform: scale3d(0, 0, 0);
  transform: scale3d(0, 0, 0);
}

<button
  aria-busy="true"
  aria-live="polite"
  class="circuit-0"
  disabled=""
>
  <span
    class="circuit-1"
  >
    <span
      class="circuit-2"
    >
      Loading
    </span>
  </span>
  <span
    class="circuit-3"
  >
    Button
  </span>
</button>
`;

exports[`Button styles should render a button with icon 1`] = `
@keyframes animation-0 {
  0% {
    -webkit-transform: rotate(0deg);
    -moz-transform: rotate(0deg);
    -ms-transform: rotate(0deg);
    transform: rotate(0deg);
  }

  100% {
    -webkit-transform: rotate(360deg);
    -moz-transform: rotate(360deg);
    -ms-transform: rotate(360deg);
    transform: rotate(360deg);
  }
}

.circuit-0 {
  font-size: 1rem;
  line-height: 1.5rem;
  display: -webkit-inline-box;
  display: -webkit-inline-flex;
  display: -ms-inline-flexbox;
  display: inline-flex;
  -webkit-box-pack: center;
  -ms-flex-pack: center;
  -webkit-justify-content: center;
  justify-content: center;
  width: auto;
  height: auto;
  margin: 0;
  cursor: pointer;
  text-align: center;
  -webkit-text-decoration: none;
  text-decoration: none;
  font-weight: 700;
  border-width: 1px;
  border-style: solid;
  border-radius: 999999px;
  -webkit-transition: opacity 120ms ease-in-out,color 120ms ease-in-out,background-color 120ms ease-in-out,border-color 120ms ease-in-out;
  transition: opacity 120ms ease-in-out,color 120ms ease-in-out,background-color 120ms ease-in-out,border-color 120ms ease-in-out;
  background-color: #FFF;
  border-color: #999;
  color: #000;
  padding: calc(12px - 1px) calc(24px - 1px);
  position: relative;
  overflow: hidden;
}

.circuit-0:focus {
  outline: 0;
  box-shadow: 0 0 0 4px #AFD0FE;
}

.circuit-0:focus::-moz-focus-inner {
  border: 0;
}

.circuit-0:focus:not(:focus-visible) {
  box-shadow: none;
}

.circuit-0:disabled,
.circuit-0[disabled] {
  opacity: 0.5;
  pointer-events: none;
  box-shadow: none;
}

.circuit-0:hover {
  background-color: #F5F5F5;
  border-color: #666;
}

.circuit-0:active,
.circuit-0[aria-expanded='true'],
.circuit-0[aria-pressed='true'] {
  background-color: #E6E6E6;
  border-color: #333;
}

.circuit-1 {
  display: block;
  border-radius: 100%;
  border: 2px solid currentColor;
  border-top-color: transparent;
  -webkit-animation: animation-0 1s infinite linear;
  animation: animation-0 1s infinite linear;
  transform-origin: 50% 50%;
  width: 24px;
  height: 24px;
  position: absolute;
  opacity: 0;
  visibility: hidden;
  -webkit-transition: opacity 120ms ease-in-out,visibility 120ms ease-in-out;
  transition: opacity 120ms ease-in-out,visibility 120ms ease-in-out;
}

.circuit-2 {
  border: 0;
  clip: rect(0 0 0 0);
  height: 1px;
  margin: -1px;
  overflow: hidden;
  padding: 0;
  position: absolute;
  white-space: nowrap;
  width: 1px;
}

.circuit-3 {
  display: -webkit-inline-box;
  display: -webkit-inline-flex;
  display: -ms-inline-flexbox;
  display: inline-flex;
  -webkit-align-items: center;
  -webkit-box-align: center;
  -ms-flex-align: center;
  align-items: center;
  opacity: 1;
  visibility: inherit;
  -webkit-transform: scale3d(1, 1, 1);
  -moz-transform: scale3d(1, 1, 1);
  -ms-transform: scale3d(1, 1, 1);
  transform: scale3d(1, 1, 1);
  -webkit-transition: opacity 120ms ease-in-out,-webkit-transform 120ms ease-in-out,visibility 120ms ease-in-out;
  transition: opacity 120ms ease-in-out,transform 120ms ease-in-out,visibility 120ms ease-in-out;
}

.circuit-4 {
  -webkit-flex-shrink: 0;
  -ms-flex-negative: 0;
  flex-shrink: 0;
  margin-right: 8px;
}

<button
  class="circuit-0"
>
  <span
    class="circuit-1"
  >
    <span
      class="circuit-2"
    />
  </span>
  <span
    class="circuit-3"
  >
    <svg
      class="circuit-4"
      fill="none"
      height="24"
      role="presentation"
      viewBox="0 0 24 24"
      width="24"
      xmlns="http://www.w3.org/2000/svg"
    >
      <path
        d="M11.29 18.71C11.4795 18.896 11.7345 19.0001 12 19C12.2655 19.0001 12.5205 18.896 12.71 18.71L19.71 11.71C19.896 11.5205 20.0001 11.2655 20 11C20 10.7348 19.8946 10.4804 19.7071 10.2929C19.5196 10.1054 19.2652 10 19 10C18.7345 9.99988 18.4795 10.104 18.29 10.29L13 15.59V2C13 1.73478 12.8946 1.48043 12.7071 1.29289C12.5196 1.10536 12.2652 1 12 1C11.7348 1 11.4804 1.10536 11.2929 1.29289C11.1054 1.48043 11 1.73478 11 2V15.59L5.71 10.29C5.52049 10.104 5.26553 9.99988 5 10C4.73478 10 4.48043 10.1054 4.29289 10.2929C4.10536 10.4804 4 10.7348 4 11C3.99988 11.2655 4.10402 11.5205 4.29 11.71L11.29 18.71Z"
        fill="currentColor"
      />
      <path
        d="M5 21C4.44772 21 4 21.4477 4 22C4 22.5523 4.44772 23 5 23H19C19.5523 23 20 22.5523 20 22C20 21.4477 19.5523 21 19 21H5Z"
        fill="currentColor"
      />
    </svg>
    Button
  </span>
</button>
`;

exports[`Button styles should render a disabled button 1`] = `
@keyframes animation-0 {
  0% {
    -webkit-transform: rotate(0deg);
    -moz-transform: rotate(0deg);
    -ms-transform: rotate(0deg);
    transform: rotate(0deg);
  }

  100% {
    -webkit-transform: rotate(360deg);
    -moz-transform: rotate(360deg);
    -ms-transform: rotate(360deg);
    transform: rotate(360deg);
  }
}

.circuit-0 {
  font-size: 1rem;
  line-height: 1.5rem;
  display: -webkit-inline-box;
  display: -webkit-inline-flex;
  display: -ms-inline-flexbox;
  display: inline-flex;
  -webkit-box-pack: center;
  -ms-flex-pack: center;
  -webkit-justify-content: center;
  justify-content: center;
  width: auto;
  height: auto;
  margin: 0;
  cursor: pointer;
  text-align: center;
  -webkit-text-decoration: none;
  text-decoration: none;
  font-weight: 700;
  border-width: 1px;
  border-style: solid;
  border-radius: 999999px;
  -webkit-transition: opacity 120ms ease-in-out,color 120ms ease-in-out,background-color 120ms ease-in-out,border-color 120ms ease-in-out;
  transition: opacity 120ms ease-in-out,color 120ms ease-in-out,background-color 120ms ease-in-out,border-color 120ms ease-in-out;
  background-color: #FFF;
  border-color: #999;
  color: #000;
  padding: calc(12px - 1px) calc(24px - 1px);
  position: relative;
  overflow: hidden;
}

.circuit-0:focus {
  outline: 0;
  box-shadow: 0 0 0 4px #AFD0FE;
}

.circuit-0:focus::-moz-focus-inner {
  border: 0;
}

.circuit-0:focus:not(:focus-visible) {
  box-shadow: none;
}

.circuit-0:disabled,
.circuit-0[disabled] {
  opacity: 0.5;
  pointer-events: none;
  box-shadow: none;
}

.circuit-0:hover {
  background-color: #F5F5F5;
  border-color: #666;
}

.circuit-0:active,
.circuit-0[aria-expanded='true'],
.circuit-0[aria-pressed='true'] {
  background-color: #E6E6E6;
  border-color: #333;
}

.circuit-1 {
  display: block;
  border-radius: 100%;
  border: 2px solid currentColor;
  border-top-color: transparent;
  -webkit-animation: animation-0 1s infinite linear;
  animation: animation-0 1s infinite linear;
  transform-origin: 50% 50%;
  width: 24px;
  height: 24px;
  position: absolute;
  opacity: 0;
  visibility: hidden;
  -webkit-transition: opacity 120ms ease-in-out,visibility 120ms ease-in-out;
  transition: opacity 120ms ease-in-out,visibility 120ms ease-in-out;
}

.circuit-2 {
  border: 0;
  clip: rect(0 0 0 0);
  height: 1px;
  margin: -1px;
  overflow: hidden;
  padding: 0;
  position: absolute;
  white-space: nowrap;
  width: 1px;
}

.circuit-3 {
  display: -webkit-inline-box;
  display: -webkit-inline-flex;
  display: -ms-inline-flexbox;
  display: inline-flex;
  -webkit-align-items: center;
  -webkit-box-align: center;
  -ms-flex-align: center;
  align-items: center;
  opacity: 1;
  visibility: inherit;
  -webkit-transform: scale3d(1, 1, 1);
  -moz-transform: scale3d(1, 1, 1);
  -ms-transform: scale3d(1, 1, 1);
  transform: scale3d(1, 1, 1);
  -webkit-transition: opacity 120ms ease-in-out,-webkit-transform 120ms ease-in-out,visibility 120ms ease-in-out;
  transition: opacity 120ms ease-in-out,transform 120ms ease-in-out,visibility 120ms ease-in-out;
}

<button
  class="circuit-0"
  disabled=""
>
  <span
    class="circuit-1"
  >
    <span
      class="circuit-2"
    />
  </span>
  <span
    class="circuit-3"
  >
    Button
  </span>
</button>
`;

exports[`Button styles should render a giga button 1`] = `
@keyframes animation-0 {
  0% {
    -webkit-transform: rotate(0deg);
    -moz-transform: rotate(0deg);
    -ms-transform: rotate(0deg);
    transform: rotate(0deg);
  }

  100% {
    -webkit-transform: rotate(360deg);
    -moz-transform: rotate(360deg);
    -ms-transform: rotate(360deg);
    transform: rotate(360deg);
  }
}

.circuit-0 {
  font-size: 1rem;
  line-height: 1.5rem;
  display: -webkit-inline-box;
  display: -webkit-inline-flex;
  display: -ms-inline-flexbox;
  display: inline-flex;
  -webkit-box-pack: center;
  -ms-flex-pack: center;
  -webkit-justify-content: center;
  justify-content: center;
  width: auto;
  height: auto;
  margin: 0;
  cursor: pointer;
  text-align: center;
  -webkit-text-decoration: none;
  text-decoration: none;
  font-weight: 700;
  border-width: 1px;
  border-style: solid;
  border-radius: 999999px;
  -webkit-transition: opacity 120ms ease-in-out,color 120ms ease-in-out,background-color 120ms ease-in-out,border-color 120ms ease-in-out;
  transition: opacity 120ms ease-in-out,color 120ms ease-in-out,background-color 120ms ease-in-out,border-color 120ms ease-in-out;
  background-color: #FFF;
  border-color: #999;
  color: #000;
  padding: calc(12px - 1px) calc(24px - 1px);
  position: relative;
  overflow: hidden;
}

.circuit-0:focus {
  outline: 0;
  box-shadow: 0 0 0 4px #AFD0FE;
}

.circuit-0:focus::-moz-focus-inner {
  border: 0;
}

.circuit-0:focus:not(:focus-visible) {
  box-shadow: none;
}

.circuit-0:disabled,
.circuit-0[disabled] {
  opacity: 0.5;
  pointer-events: none;
  box-shadow: none;
}

.circuit-0:hover {
  background-color: #F5F5F5;
  border-color: #666;
}

.circuit-0:active,
.circuit-0[aria-expanded='true'],
.circuit-0[aria-pressed='true'] {
  background-color: #E6E6E6;
  border-color: #333;
}

.circuit-1 {
  display: block;
  border-radius: 100%;
  border: 2px solid currentColor;
  border-top-color: transparent;
  -webkit-animation: animation-0 1s infinite linear;
  animation: animation-0 1s infinite linear;
  transform-origin: 50% 50%;
  width: 24px;
  height: 24px;
  position: absolute;
  opacity: 0;
  visibility: hidden;
  -webkit-transition: opacity 120ms ease-in-out,visibility 120ms ease-in-out;
  transition: opacity 120ms ease-in-out,visibility 120ms ease-in-out;
}

.circuit-2 {
  border: 0;
  clip: rect(0 0 0 0);
  height: 1px;
  margin: -1px;
  overflow: hidden;
  padding: 0;
  position: absolute;
  white-space: nowrap;
  width: 1px;
}

.circuit-3 {
  display: -webkit-inline-box;
  display: -webkit-inline-flex;
  display: -ms-inline-flexbox;
  display: inline-flex;
  -webkit-align-items: center;
  -webkit-box-align: center;
  -ms-flex-align: center;
  align-items: center;
  opacity: 1;
  visibility: inherit;
  -webkit-transform: scale3d(1, 1, 1);
  -moz-transform: scale3d(1, 1, 1);
  -ms-transform: scale3d(1, 1, 1);
  transform: scale3d(1, 1, 1);
  -webkit-transition: opacity 120ms ease-in-out,-webkit-transform 120ms ease-in-out,visibility 120ms ease-in-out;
  transition: opacity 120ms ease-in-out,transform 120ms ease-in-out,visibility 120ms ease-in-out;
}

<button
  class="circuit-0"
>
  <span
    class="circuit-1"
  >
    <span
      class="circuit-2"
    />
  </span>
  <span
    class="circuit-3"
  >
    Button
  </span>
</button>
`;

exports[`Button styles should render a kilo button 1`] = `
@keyframes animation-0 {
  0% {
    -webkit-transform: rotate(0deg);
    -moz-transform: rotate(0deg);
    -ms-transform: rotate(0deg);
    transform: rotate(0deg);
  }

  100% {
    -webkit-transform: rotate(360deg);
    -moz-transform: rotate(360deg);
    -ms-transform: rotate(360deg);
    transform: rotate(360deg);
  }
}

.circuit-0 {
  font-size: 1rem;
  line-height: 1.5rem;
  display: -webkit-inline-box;
  display: -webkit-inline-flex;
  display: -ms-inline-flexbox;
  display: inline-flex;
  -webkit-box-pack: center;
  -ms-flex-pack: center;
  -webkit-justify-content: center;
  justify-content: center;
  width: auto;
  height: auto;
  margin: 0;
  cursor: pointer;
  text-align: center;
  -webkit-text-decoration: none;
  text-decoration: none;
  font-weight: 700;
  border-width: 1px;
  border-style: solid;
  border-radius: 999999px;
  -webkit-transition: opacity 120ms ease-in-out,color 120ms ease-in-out,background-color 120ms ease-in-out,border-color 120ms ease-in-out;
  transition: opacity 120ms ease-in-out,color 120ms ease-in-out,background-color 120ms ease-in-out,border-color 120ms ease-in-out;
  background-color: #FFF;
  border-color: #999;
  color: #000;
  padding: calc(4px - 1px) calc(16px - 1px);
  position: relative;
  overflow: hidden;
}

.circuit-0:focus {
  outline: 0;
  box-shadow: 0 0 0 4px #AFD0FE;
}

.circuit-0:focus::-moz-focus-inner {
  border: 0;
}

.circuit-0:focus:not(:focus-visible) {
  box-shadow: none;
}

.circuit-0:disabled,
.circuit-0[disabled] {
  opacity: 0.5;
  pointer-events: none;
  box-shadow: none;
}

.circuit-0:hover {
  background-color: #F5F5F5;
  border-color: #666;
}

.circuit-0:active,
.circuit-0[aria-expanded='true'],
.circuit-0[aria-pressed='true'] {
  background-color: #E6E6E6;
  border-color: #333;
}

.circuit-1 {
  display: block;
  border-radius: 100%;
  border: 2px solid currentColor;
  border-top-color: transparent;
  -webkit-animation: animation-0 1s infinite linear;
  animation: animation-0 1s infinite linear;
  transform-origin: 50% 50%;
  width: 24px;
  height: 24px;
  position: absolute;
  opacity: 0;
  visibility: hidden;
  -webkit-transition: opacity 120ms ease-in-out,visibility 120ms ease-in-out;
  transition: opacity 120ms ease-in-out,visibility 120ms ease-in-out;
}

.circuit-2 {
  border: 0;
  clip: rect(0 0 0 0);
  height: 1px;
  margin: -1px;
  overflow: hidden;
  padding: 0;
  position: absolute;
  white-space: nowrap;
  width: 1px;
}

.circuit-3 {
  display: -webkit-inline-box;
  display: -webkit-inline-flex;
  display: -ms-inline-flexbox;
  display: inline-flex;
  -webkit-align-items: center;
  -webkit-box-align: center;
  -ms-flex-align: center;
  align-items: center;
  opacity: 1;
  visibility: inherit;
  -webkit-transform: scale3d(1, 1, 1);
  -moz-transform: scale3d(1, 1, 1);
  -ms-transform: scale3d(1, 1, 1);
  transform: scale3d(1, 1, 1);
  -webkit-transition: opacity 120ms ease-in-out,-webkit-transform 120ms ease-in-out,visibility 120ms ease-in-out;
  transition: opacity 120ms ease-in-out,transform 120ms ease-in-out,visibility 120ms ease-in-out;
}

<button
  class="circuit-0"
>
  <span
    class="circuit-1"
  >
    <span
      class="circuit-2"
    />
  </span>
  <span
    class="circuit-3"
  >
    Button
  </span>
</button>
`;

exports[`Button styles should render a primary button by default 1`] = `
@keyframes animation-0 {
  0% {
    -webkit-transform: rotate(0deg);
    -moz-transform: rotate(0deg);
    -ms-transform: rotate(0deg);
    transform: rotate(0deg);
  }

  100% {
    -webkit-transform: rotate(360deg);
    -moz-transform: rotate(360deg);
    -ms-transform: rotate(360deg);
    transform: rotate(360deg);
  }
}

.circuit-0 {
  font-size: 1rem;
  line-height: 1.5rem;
  display: -webkit-inline-box;
  display: -webkit-inline-flex;
  display: -ms-inline-flexbox;
  display: inline-flex;
  -webkit-box-pack: center;
  -ms-flex-pack: center;
  -webkit-justify-content: center;
  justify-content: center;
  width: auto;
  height: auto;
  margin: 0;
  cursor: pointer;
  text-align: center;
  -webkit-text-decoration: none;
  text-decoration: none;
  font-weight: 700;
  border-width: 1px;
  border-style: solid;
  border-radius: 999999px;
  -webkit-transition: opacity 120ms ease-in-out,color 120ms ease-in-out,background-color 120ms ease-in-out,border-color 120ms ease-in-out;
  transition: opacity 120ms ease-in-out,color 120ms ease-in-out,background-color 120ms ease-in-out,border-color 120ms ease-in-out;
  background-color: #FFF;
  border-color: #999;
  color: #000;
  padding: calc(12px - 1px) calc(24px - 1px);
  position: relative;
  overflow: hidden;
}

.circuit-0:focus {
  outline: 0;
  box-shadow: 0 0 0 4px #AFD0FE;
}

.circuit-0:focus::-moz-focus-inner {
  border: 0;
}

.circuit-0:focus:not(:focus-visible) {
  box-shadow: none;
}

.circuit-0:disabled,
.circuit-0[disabled] {
  opacity: 0.5;
  pointer-events: none;
  box-shadow: none;
}

.circuit-0:hover {
  background-color: #F5F5F5;
  border-color: #666;
}

.circuit-0:active,
.circuit-0[aria-expanded='true'],
.circuit-0[aria-pressed='true'] {
  background-color: #E6E6E6;
  border-color: #333;
}

.circuit-1 {
  display: block;
  border-radius: 100%;
  border: 2px solid currentColor;
  border-top-color: transparent;
  -webkit-animation: animation-0 1s infinite linear;
  animation: animation-0 1s infinite linear;
  transform-origin: 50% 50%;
  width: 24px;
  height: 24px;
  position: absolute;
  opacity: 0;
  visibility: hidden;
  -webkit-transition: opacity 120ms ease-in-out,visibility 120ms ease-in-out;
  transition: opacity 120ms ease-in-out,visibility 120ms ease-in-out;
}

.circuit-2 {
  border: 0;
  clip: rect(0 0 0 0);
  height: 1px;
  margin: -1px;
  overflow: hidden;
  padding: 0;
  position: absolute;
  white-space: nowrap;
  width: 1px;
}

.circuit-3 {
  display: -webkit-inline-box;
  display: -webkit-inline-flex;
  display: -ms-inline-flexbox;
  display: inline-flex;
  -webkit-align-items: center;
  -webkit-box-align: center;
  -ms-flex-align: center;
  align-items: center;
  opacity: 1;
  visibility: inherit;
  -webkit-transform: scale3d(1, 1, 1);
  -moz-transform: scale3d(1, 1, 1);
  -ms-transform: scale3d(1, 1, 1);
  transform: scale3d(1, 1, 1);
  -webkit-transition: opacity 120ms ease-in-out,-webkit-transform 120ms ease-in-out,visibility 120ms ease-in-out;
  transition: opacity 120ms ease-in-out,transform 120ms ease-in-out,visibility 120ms ease-in-out;
}

<button
  class="circuit-0"
>
  <span
    class="circuit-1"
  >
    <span
      class="circuit-2"
    />
  </span>
  <span
    class="circuit-3"
  >
    Button
  </span>
</button>
`;

exports[`Button styles should render a secondary button 1`] = `
@keyframes animation-0 {
  0% {
    -webkit-transform: rotate(0deg);
    -moz-transform: rotate(0deg);
    -ms-transform: rotate(0deg);
    transform: rotate(0deg);
  }

  100% {
    -webkit-transform: rotate(360deg);
    -moz-transform: rotate(360deg);
    -ms-transform: rotate(360deg);
    transform: rotate(360deg);
  }
}

.circuit-0 {
  font-size: 1rem;
  line-height: 1.5rem;
  display: -webkit-inline-box;
  display: -webkit-inline-flex;
  display: -ms-inline-flexbox;
  display: inline-flex;
  -webkit-box-pack: center;
  -ms-flex-pack: center;
  -webkit-justify-content: center;
  justify-content: center;
  width: auto;
  height: auto;
  margin: 0;
  cursor: pointer;
  text-align: center;
  -webkit-text-decoration: none;
  text-decoration: none;
  font-weight: 700;
  border-width: 1px;
  border-style: solid;
  border-radius: 999999px;
  -webkit-transition: opacity 120ms ease-in-out,color 120ms ease-in-out,background-color 120ms ease-in-out,border-color 120ms ease-in-out;
  transition: opacity 120ms ease-in-out,color 120ms ease-in-out,background-color 120ms ease-in-out,border-color 120ms ease-in-out;
  background-color: #FFF;
  border-color: #999;
  color: #000;
  padding: calc(12px - 1px) calc(24px - 1px);
  position: relative;
  overflow: hidden;
}

.circuit-0:focus {
  outline: 0;
  box-shadow: 0 0 0 4px #AFD0FE;
}

.circuit-0:focus::-moz-focus-inner {
  border: 0;
}

.circuit-0:focus:not(:focus-visible) {
  box-shadow: none;
}

.circuit-0:disabled,
.circuit-0[disabled] {
  opacity: 0.5;
  pointer-events: none;
  box-shadow: none;
}

.circuit-0:hover {
  background-color: #F5F5F5;
  border-color: #666;
}

.circuit-0:active,
.circuit-0[aria-expanded='true'],
.circuit-0[aria-pressed='true'] {
  background-color: #E6E6E6;
  border-color: #333;
}

.circuit-1 {
  display: block;
  border-radius: 100%;
  border: 2px solid currentColor;
  border-top-color: transparent;
  -webkit-animation: animation-0 1s infinite linear;
  animation: animation-0 1s infinite linear;
  transform-origin: 50% 50%;
  width: 24px;
  height: 24px;
  position: absolute;
  opacity: 0;
  visibility: hidden;
  -webkit-transition: opacity 120ms ease-in-out,visibility 120ms ease-in-out;
  transition: opacity 120ms ease-in-out,visibility 120ms ease-in-out;
}

.circuit-2 {
  border: 0;
  clip: rect(0 0 0 0);
  height: 1px;
  margin: -1px;
  overflow: hidden;
  padding: 0;
  position: absolute;
  white-space: nowrap;
  width: 1px;
}

.circuit-3 {
  display: -webkit-inline-box;
  display: -webkit-inline-flex;
  display: -ms-inline-flexbox;
  display: inline-flex;
  -webkit-align-items: center;
  -webkit-box-align: center;
  -ms-flex-align: center;
  align-items: center;
  opacity: 1;
  visibility: inherit;
  -webkit-transform: scale3d(1, 1, 1);
  -moz-transform: scale3d(1, 1, 1);
  -ms-transform: scale3d(1, 1, 1);
  transform: scale3d(1, 1, 1);
  -webkit-transition: opacity 120ms ease-in-out,-webkit-transform 120ms ease-in-out,visibility 120ms ease-in-out;
  transition: opacity 120ms ease-in-out,transform 120ms ease-in-out,visibility 120ms ease-in-out;
}

<button
  class="circuit-0"
>
  <span
    class="circuit-1"
  >
    <span
      class="circuit-2"
    />
  </span>
  <span
    class="circuit-3"
  >
    Button
  </span>
</button>
`;

exports[`Button styles should render a stretched button 1`] = `
@keyframes animation-0 {
  0% {
    -webkit-transform: rotate(0deg);
    -moz-transform: rotate(0deg);
    -ms-transform: rotate(0deg);
    transform: rotate(0deg);
  }

  100% {
    -webkit-transform: rotate(360deg);
    -moz-transform: rotate(360deg);
    -ms-transform: rotate(360deg);
    transform: rotate(360deg);
  }
}

.circuit-0 {
  font-size: 1rem;
  line-height: 1.5rem;
  display: -webkit-inline-box;
  display: -webkit-inline-flex;
  display: -ms-inline-flexbox;
  display: inline-flex;
  -webkit-box-pack: center;
  -ms-flex-pack: center;
  -webkit-justify-content: center;
  justify-content: center;
  width: auto;
  height: auto;
  margin: 0;
  cursor: pointer;
  text-align: center;
  -webkit-text-decoration: none;
  text-decoration: none;
  font-weight: 700;
  border-width: 1px;
  border-style: solid;
  border-radius: 999999px;
  -webkit-transition: opacity 120ms ease-in-out,color 120ms ease-in-out,background-color 120ms ease-in-out,border-color 120ms ease-in-out;
  transition: opacity 120ms ease-in-out,color 120ms ease-in-out,background-color 120ms ease-in-out,border-color 120ms ease-in-out;
  background-color: #FFF;
  border-color: #999;
  color: #000;
  padding: calc(12px - 1px) calc(24px - 1px);
  width: 100%;
  position: relative;
  overflow: hidden;
}

.circuit-0:focus {
  outline: 0;
  box-shadow: 0 0 0 4px #AFD0FE;
}

.circuit-0:focus::-moz-focus-inner {
  border: 0;
}

.circuit-0:focus:not(:focus-visible) {
  box-shadow: none;
}

.circuit-0:disabled,
.circuit-0[disabled] {
  opacity: 0.5;
  pointer-events: none;
  box-shadow: none;
}

.circuit-0:hover {
  background-color: #F5F5F5;
  border-color: #666;
}

.circuit-0:active,
.circuit-0[aria-expanded='true'],
.circuit-0[aria-pressed='true'] {
  background-color: #E6E6E6;
  border-color: #333;
}

.circuit-1 {
  display: block;
  border-radius: 100%;
  border: 2px solid currentColor;
  border-top-color: transparent;
  -webkit-animation: animation-0 1s infinite linear;
  animation: animation-0 1s infinite linear;
  transform-origin: 50% 50%;
  width: 24px;
  height: 24px;
  position: absolute;
  opacity: 0;
  visibility: hidden;
  -webkit-transition: opacity 120ms ease-in-out,visibility 120ms ease-in-out;
  transition: opacity 120ms ease-in-out,visibility 120ms ease-in-out;
}

.circuit-2 {
  border: 0;
  clip: rect(0 0 0 0);
  height: 1px;
  margin: -1px;
  overflow: hidden;
  padding: 0;
  position: absolute;
  white-space: nowrap;
  width: 1px;
}

.circuit-3 {
  display: -webkit-inline-box;
  display: -webkit-inline-flex;
  display: -ms-inline-flexbox;
  display: inline-flex;
  -webkit-align-items: center;
  -webkit-box-align: center;
  -ms-flex-align: center;
  align-items: center;
  opacity: 1;
  visibility: inherit;
  -webkit-transform: scale3d(1, 1, 1);
  -moz-transform: scale3d(1, 1, 1);
  -ms-transform: scale3d(1, 1, 1);
  transform: scale3d(1, 1, 1);
  -webkit-transition: opacity 120ms ease-in-out,-webkit-transform 120ms ease-in-out,visibility 120ms ease-in-out;
  transition: opacity 120ms ease-in-out,transform 120ms ease-in-out,visibility 120ms ease-in-out;
}

<button
  class="circuit-0"
>
  <span
    class="circuit-1"
  >
    <span
      class="circuit-2"
    />
  </span>
  <span
    class="circuit-3"
  >
    Button
  </span>
</button>
`;

exports[`Button styles should render a tertiary button 1`] = `
@keyframes animation-0 {
  0% {
    -webkit-transform: rotate(0deg);
    -moz-transform: rotate(0deg);
    -ms-transform: rotate(0deg);
    transform: rotate(0deg);
  }

  100% {
    -webkit-transform: rotate(360deg);
    -moz-transform: rotate(360deg);
    -ms-transform: rotate(360deg);
    transform: rotate(360deg);
  }
}

.circuit-0 {
  font-size: 1rem;
  line-height: 1.5rem;
  display: -webkit-inline-box;
  display: -webkit-inline-flex;
  display: -ms-inline-flexbox;
  display: inline-flex;
  -webkit-box-pack: center;
  -ms-flex-pack: center;
  -webkit-justify-content: center;
  justify-content: center;
  width: auto;
  height: auto;
  margin: 0;
  cursor: pointer;
  text-align: center;
  -webkit-text-decoration: none;
  text-decoration: none;
  font-weight: 700;
  border-width: 1px;
  border-style: solid;
  border-radius: 999999px;
  -webkit-transition: opacity 120ms ease-in-out,color 120ms ease-in-out,background-color 120ms ease-in-out,border-color 120ms ease-in-out;
  transition: opacity 120ms ease-in-out,color 120ms ease-in-out,background-color 120ms ease-in-out,border-color 120ms ease-in-out;
  padding: calc(12px - 1px) calc(24px - 1px);
  background-color: transparent;
  border-color: transparent;
  color: #3063E9;
  padding-left: 0;
  padding-right: 0;
  position: relative;
  overflow: hidden;
}

.circuit-0:focus {
  outline: 0;
  box-shadow: 0 0 0 4px #AFD0FE;
}

.circuit-0:focus::-moz-focus-inner {
  border: 0;
}

.circuit-0:focus:not(:focus-visible) {
  box-shadow: none;
}

.circuit-0:disabled,
.circuit-0[disabled] {
  opacity: 0.5;
  pointer-events: none;
  box-shadow: none;
}

.circuit-0:hover {
  color: #234BC3;
}

.circuit-0:active,
.circuit-0[aria-expanded='true'],
.circuit-0[aria-pressed='true'] {
  color: #1A368E;
}

.circuit-1 {
  display: block;
  border-radius: 100%;
  border: 2px solid currentColor;
  border-top-color: transparent;
  -webkit-animation: animation-0 1s infinite linear;
  animation: animation-0 1s infinite linear;
  transform-origin: 50% 50%;
  width: 24px;
  height: 24px;
  position: absolute;
  opacity: 0;
  visibility: hidden;
  -webkit-transition: opacity 120ms ease-in-out,visibility 120ms ease-in-out;
  transition: opacity 120ms ease-in-out,visibility 120ms ease-in-out;
}

.circuit-2 {
  border: 0;
  clip: rect(0 0 0 0);
  height: 1px;
  margin: -1px;
  overflow: hidden;
  padding: 0;
  position: absolute;
  white-space: nowrap;
  width: 1px;
}

.circuit-3 {
  display: -webkit-inline-box;
  display: -webkit-inline-flex;
  display: -ms-inline-flexbox;
  display: inline-flex;
  -webkit-align-items: center;
  -webkit-box-align: center;
  -ms-flex-align: center;
  align-items: center;
  opacity: 1;
  visibility: inherit;
  -webkit-transform: scale3d(1, 1, 1);
  -moz-transform: scale3d(1, 1, 1);
  -ms-transform: scale3d(1, 1, 1);
  transform: scale3d(1, 1, 1);
  -webkit-transition: opacity 120ms ease-in-out,-webkit-transform 120ms ease-in-out,visibility 120ms ease-in-out;
  transition: opacity 120ms ease-in-out,transform 120ms ease-in-out,visibility 120ms ease-in-out;
}

<button
  class="circuit-0"
>
  <span
    class="circuit-1"
  >
    <span
      class="circuit-2"
    />
  </span>
  <span
    class="circuit-3"
  >
    Button
  </span>
</button>
`;
