// Jest Snapshot v1, https://goo.gl/fbAQLP

exports[`PageSelect styles should render with default styles 1`] = `
HTMLCollection [
  .circuit-0[disabled],
.circuit-0.cui-field-disabled {
  pointer-events: none;
}

.circuit-1 {
  display: block;
  font-size: 0.875rem;
  line-height: 1.25rem;
}

.circuit-2 {
  display: inline-block;
  margin-bottom: 4px;
  border: 0;
  clip: rect(0 0 0 0);
  height: 1px;
  margin: -1px;
  overflow: hidden;
  padding: 0;
  position: absolute;
  white-space: nowrap;
  width: 1px;
}

[disabled] .circuit-2,
.cui-field-disabled .circuit-2 {
  color: var(--cui-fg-normal-disabled);
}

.circuit-4 {
  color: var(--cui-fg-normal);
  display: block;
  position: relative;
}

.circuit-5 {
  font-size: 1rem;
  line-height: 1.5rem;
  -webkit-appearance: none;
  -moz-appearance: none;
  -ms-appearance: none;
  appearance: none;
  cursor: pointer;
  background-color: var(--cui-bg-normal);
  outline: none;
  border: 0;
  border-radius: 8px;
  box-shadow: none;
  color: var(--cui-fg-normal);
  margin: 0;
  padding-top: 12px;
  padding-right: 48px;
  padding-bottom: 12px;
  padding-left: 16px;
  position: relative;
  width: 100%;
  z-index: 20;
  overflow-x: hidden;
  text-overflow: ellipsis;
  white-space: nowrap;
  -webkit-transition: box-shadow 120ms ease-in-out,padding 120ms ease-in-out;
  transition: box-shadow 120ms ease-in-out,padding 120ms ease-in-out;
  box-shadow: 0 0 0 1px var(--cui-border-normal);
}

.circuit-5:-moz-focusring {
  color: transparent;
  text-shadow: 0 0 0 #000;
}

.circuit-5::-ms-expand {
  display: none;
}

.circuit-5:hover {
  box-shadow: 0 0 0 1px var(--cui-border-normal-hovered);
}

.circuit-5:focus {
  box-shadow: 0 0 0 2px var(--cui-border-accent);
}

.circuit-5:active {
  box-shadow: 0 0 0 1px var(--cui-border-accent);
}

.circuit-6 {
  color: var(--cui-fg-subtle);
  display: block;
  z-index: 21;
  pointer-events: none;
  position: absolute;
  height: 48px;
  width: 48px;
  top: 0;
  right: 0;
  padding: 16px;
}

select:active~.circuit-6 {
  display: none;
}

.circuit-7 {
  color: var(--cui-fg-subtle);
  display: block;
  z-index: 21;
  pointer-events: none;
  position: absolute;
  height: 48px;
  width: 48px;
  top: 0;
  right: 0;
  padding: 16px;
}

select:not(:active)~.circuit-7 {
  display: none;
}

<div
    class=" circuit-0"
  >
    <label
      class="circuit-1"
      for="select_1"
    >
      <span
        class="circuit-2 circuit-3"
      >
        Pagination
      </span>
    </label>
    <div
      class="circuit-4"
    >
      <select
        aria-describedby="validation-hint_2"
        class="circuit-5"
        id="select_1"
      >
        <option
          value="1"
        >
          1
        </option>
        <option
          value="2"
        >
          2
        </option>
        <option
          value="3"
        >
          3
        </option>
        <option
          value="4"
        >
          4
        </option>
        <option
          value="5"
        >
          5
        </option>
        <option
          value="6"
        >
          6
        </option>
        <option
          value="7"
        >
          7
        </option>
        <option
          value="8"
        >
          8
        </option>
        <option
          value="9"
        >
          9
        </option>
        <option
          value="10"
        >
          10
        </option>
      </select>
      <svg
        aria-hidden="true"
        class="circuit-6"
        fill="none"
        height="16"
        viewBox="0 0 16 16"
        width="16"
        xmlns="http://www.w3.org/2000/svg"
      >
        <path
          d="M8 11c-.266 0-.52-.104-.71-.29l-4-4A1.013 1.013 0 0 1 3 6a1 1 0 0 1 1-1c.266 0 .52.104.71.29L8 8.58l3.29-3.29c.19-.186.445-.29.71-.29a1 1 0 0 1 1 1c0 .266-.104.52-.29.71l-4 4c-.19.186-.444.29-.71.29z"
          fill="currentColor"
        />
      </svg>
      <svg
        aria-hidden="true"
        class="circuit-7"
        fill="none"
        height="16"
        viewBox="0 0 16 16"
        width="16"
        xmlns="http://www.w3.org/2000/svg"
      >
        <path
          d="M8 5c.266 0 .52.104.71.29l4 4c.186.19.29.444.29.71a1 1 0 0 1-1 1c-.265 0-.52-.104-.71-.29L8 7.42l-3.29 3.29c-.19.186-.444.29-.71.29a1 1 0 0 1-1-1c0-.266.104-.52.29-.71l4-4C7.48 5.104 7.734 5 8 5z"
          fill="currentColor"
        />
      </svg>
    </div>
    <span
      aria-live="polite"
      role="status"
    />
  </div>,
  .circuit-0 {
  margin-left: 12px;
}

<span
    class="circuit-0"
  >
    of 10
  </span>,
]
`;
